com\vil\web\library\GenericLib.class
com\vil\web\tests\prepaid\activation\TC_071_PrepaidCustomerCreationData.class
com\vil\web\tests\postpaid\complaint\TC_073_BillingAndPaymentCompGSTPostp.class
com\vil\web\pages\PostpaidPage.class
com\vil\web\pages\SubComponentPage.class
com\vil\web\tests\migration\Test_Automation_010.class
com\vil\web\init\InitializePages.class
com\vil\web\utils\WebElementWait.class
com\vil\web\pages\ContactDetailsPage.class
com\vil\web\tests\postpaid\complaint\TC_095_ServiceissueCustomerFeedbackComplaintsPostpaid.class
com\vil\web\tests\postpaid\complaint\TC_063_NetworkComplaintPostpaid.class
com\vil\web\tests\postpaid\complaint\TC_066_NetworkComplaintFLAUser.class
com\vil\web\library\ExcelLibrary.class
com\vil\web\pages\BillingAccountsPage.class
com\vil\web\tests\prepaid\activation\Prepaid360DegreeVerification.class
com\vil\web\pages\SubscriptionsSearchPage.class
com\vil\web\pages\ViewBarPage.class
com\vil\web\tests\postpaid\complaint\Test_Automation_082.class
com\vil\web\tests\migration\Test_Automation_009.class
com\vil\web\tests\prepaid\quickactionbtn\TC_066_FlashDea.class
com\vil\web\pages\SRActivitiesPage.class
com\vil\web\tests\postpaid\complaint\Test_Automation_077.class
com\vil\web\tests\postpaid\complaint\TC_091_SimReactivationComplaintsPostpaid.class
com\vil\web\pages\AddressViewPage.class
com\vil\web\tests\postpaid\activation\TC_005_PostpaidTvPending.class
com\vil\web\tests\postpaid\hbo\TC_097_HBOPostpActivation.class
com\vil\web\tests\prepaid\quickactionbtn\TC_406_PushOTA.class
com\vil\web\tests\prepaid\enquiry\activation\TC_021_PrepaidEnquiryActivation.class
com\vil\web\tests\postpaid\enquiry\activation\TC_020_PostpaidEnquiryActivation.class
com\vil\web\init\TriggerParallelXml.class
com\vil\web\tests\postpaid\complaint\Test_Automation_098.class
com\vil\web\tests\prepaid\hbo\TC_052_HBOPrepActivation.class
com\vil\web\init\GenerateXmlFile.class
com\vil\web\reports\ExtentManager.class
com\vil\web\pages\BillingAccountAddressesPage.class
com\vil\web\tests\postpaid\complaint\Test_Automation_081.class
com\vil\web\pages\_360DegreePage.class
com\vil\web\tests\postpaid\activation\Postpaid360DegreeVerification.class
com\vil\web\tests\prepaid\activation\Test_Automation_005.class
com\vil\web\tests\prepaid\complaint\TC_261_PrepaidBalanceAndCallEnquiry.class
com\vil\web\tests\postpaid\complaint\TC_087_ServiceDisconnectionVoluntaryChurnRelatedPostp.class
com\vil\web\tests\postpaid\complaint\Test_Automation_104.class
com\vil\web\pages\ActivationsPage.class
com\vil\web\tests\prepaid\enquiry\activation\TC_261_PrepaidBalanceAndRechargeEnquiry.class
com\vil\web\tests\prepaid\quickactionbtn\TC_065_ActDnd.class
com\vil\web\tests\postpaid\complaint\Test_Automation_099.class
com\vil\web\utils\Sample.class
com\vil\web\tests\postpaid\enquiry\activation\TC_401_CallTypeEnquiryForBillingPostp.class
com\vil\web\tests\postpaid\complaint\TC_092_DeviceRelatedComplaintsPostpaid.class
com\vil\web\pages\DFFPage.class
com\vil\web\init\GenerateSuiteFile.class
com\vil\web\pages\AssetsPage.class
com\vil\web\tests\postpaid\complaint\TC_097_PcnAlertComplaintsPostpaidYes.class
com\vil\web\tests\postpaid\addresschange\TC_059_BillingAdressChange.class
com\vil\web\tests\postpaid\complaint\Test_Automation_080.class
com\vil\web\pages\SimulatorPage.class
com\vil\web\tests\postpaid\activation\Test_Automation_001.class
com\vil\web\tests\postpaid\complaint\TC_401_BalanceAndRechargeComplaint.class
com\vil\web\tests\postpaid\deactivation\TC_067_OfferDeactivationDND.class
com\vil\web\tests\prepaid\complaint\Test_Automation_084.class
com\vil\web\utils\DBUtil.class
com\vil\web\tests\postpaid\complaint\TC_093_FailedInteractionSystemErrorOrDowntimePostp.class
com\vil\web\utils\TestDataHeadingsConstants.class
com\vil\web\tests\prepaid\complaint\TC_111_BalanceRechargeSegmentedComplaintsPrepaid.class
com\vil\web\tests\prepaid\quickactionbtn\TC_064_PushSms.class
com\vil\web\tests\postpaid\lead\Test_Automation_230.class
com\vil\web\tests\postpaid\complaint\TC_404_BalanceAndRechargeComplaintFC.class
com\vil\web\pages\MyLeadsPage.class
com\vil\web\tests\postpaid\complaint\TC_403_BalanceAndRechargeComplaintFLA.class
com\vil\web\tests\postpaid\complaint\Test_Automation_075.class
com\vil\web\pages\QueuePage.class
com\vil\web\tests\prepaid\activation\TC_003_PrepaidTvPending.class
com\vil\web\tests\postpaid\bulkupload\Test_Automation_241.class
com\vil\web\tests\postpaid\complaint\TC_247_PcnAlertComplaintsPostpaidNo.class
com\vil\web\tests\postpaid\complaint\Test_Automation_083.class
com\vil\web\tests\prepaid\complaint\Test_Automation_085.class
com\vil\web\tests\postpaid\lead\Test_Automation_231.class
com\vil\web\tests\postpaid\complaint\Test_Automation_086.class
com\vil\web\tests\postpaid\lead\Test_Automation_227.class
com\vil\web\tests\postpaid\complaint\Test_Automation_076.class
com\vil\web\utils\ServerXmlUpdation.class
com\vil\web\reports\ExcelListener.class
com\vil\web\pages\TaggingInteractionPage.class
com\vil\web\tests\postpaid\complaint\TC_074_BillingAndPaymentWaiversAndAdjustmentsPostp.class
com\vil\web\pages\ServicesPage.class
com\vil\web\tests\prepaid\activation\TC_002_PrepaidTvPending.class
com\vil\web\tests\postpaid\complaint\TC_096_FailedInteractionsSelfHelpErrorOrAccessPostP.class
com\vil\web\tests\postpaid\complaint\TC_072_BillingAndPaymentComplaintPostpaid.class
com\vil\web\pages\BillingAccountPage.class
com\vil\web\pages\QuickActionButtonsPage.class
com\vil\web\tests\binocularsearch\Test_Automation_246.class
com\vil\web\tests\postpaid\complaint\TC_113_BillingPaymentUpdateComplaintsPostpaid.class
com\vil\web\utils\UpdateXml.class
com\vil\web\pages\QuickActionPage.class
com\vil\web\tests\postpaid\deactivation\Test_Automation_172.class
com\vil\web\reports\MyExtentListners.class
com\vil\web\tests\postpaid\bulkupload\Test_Automation_244.class
com\vil\web\tests\postpaid\complaint\Test_Automation_100.class
com\vil\web\tests\prepaid\complaint\TC_047_AlternatePrepaidNumber.class
com\vil\web\tests\prepaid\complaint\TC_033_RaiseSRSafeCustody.class
com\vil\web\library\BaseLib.class
com\vil\web\pages\BinocularsSearchPage.class
com\vil\web\tests\postpaid\activation\TC_203_PostpaidCustomerCreationData.class
com\vil\web\tests\postpaid\complaint\TC_071_BillingAndPaymentdueToDonorOperator.class
com\vil\web\pages\BulkUploadPage.class
com\vil\web\tests\prepaid\complaint\TC_272_NetworkComplaintPrepaid.class
com\vil\web\tests\prepaid\complaint\TC_110_BalanceRechargeComplaintsPrepaid.class
com\vil\web\tests\postpaid\addresschange\TC_060_ChangeAddress.class
com\vil\web\pages\AccountsPage.class
com\vil\web\pages\SalesOrderPage.class
com\vil\web\tests\postpaid\complaint\Test_Automation_079.class
com\vil\web\tests\postpaid\lead\Test_Automation_229.class
com\vil\web\utils\ActionUtil.class
com\vil\web\tests\postpaid\bulkupload\Test_Automation_243.class
com\vil\web\pages\ContactPage.class
com\vil\web\pages\PushSMSPage.class
com\vil\web\pages\LoginPage.class
com\vil\web\tests\postpaid\complaint\TC_069_BillingAndPaymentCompPostpforDepositIssue.class
com\vil\web\library\FunctionLib.class
com\vil\web\init\TriggerSequentialXml.class
com\vil\web\tests\postpaid\complaint\TC_112_BillingPaymentComplaintsPostpaid.class
com\vil\web\tests\prepaid\quickactionbtn\TC_067_SimLost.class
com\vil\web\tests\postpaid\complaint\TC_065_NetworkComplaintBOUser.class
com\vil\web\tests\postpaid\lead\Test_Automation_228.class
com\vil\web\pages\OrderPage.class
com\vil\web\tests\postpaid\complaint\TC_109_ServicesServiceissueComplaintsLegalPostpaid.class
com\vil\web\pages\CAFSearchResultPage.class
com\vil\web\pages\ServiceRequestPage.class
com\vil\web\tests\postpaid\activation\TC_004_PostpaidTvPending.class
com\vil\web\tests\postpaid\complaint\Test_Automation_078.class
com\vil\web\tests\postpaid\bulkupload\Test_Automation_242.class
com\vil\web\pages\OpportunitiesListPage.class
com\vil\web\tests\postpaid\complaint\TC_089_FailedInteractionsSystemMismatchPostp.class
com\vil\web\tests\postpaid\complaint\TC_402_BalanceAndRechargeComplaintBO.class
