D:\Automation\VIL-testautomation\src\test\java\com\vil\web\tests\postpaid\complaint\Test_Automation_083.java
D:\Automation\VIL-testautomation\src\test\java\com\vil\web\tests\prepaid\quickactionbtn\TC_065_ActDnd.java
D:\Automation\VIL-testautomation\src\test\java\com\vil\web\pages\ServicesPage.java
D:\Automation\VIL-testautomation\src\test\java\com\vil\web\tests\prepaid\activation\Test_Automation_005.java
D:\Automation\VIL-testautomation\src\test\java\com\vil\web\tests\postpaid\deactivation\Test_Automation_172.java
D:\Automation\VIL-testautomation\src\test\java\com\vil\web\tests\prepaid\activation\Prepaid360DegreeVerification.java
D:\Automation\VIL-testautomation\src\test\java\com\vil\web\tests\postpaid\complaint\TC_071_BillingAndPaymentdueToDonorOperator.java
D:\Automation\VIL-testautomation\src\test\java\com\vil\web\tests\postpaid\activation\TC_005_PostpaidTvPending.java
D:\Automation\VIL-testautomation\src\test\java\com\vil\web\tests\postpaid\bulkupload\Test_Automation_244.java
D:\Automation\VIL-testautomation\src\test\java\com\vil\web\tests\prepaid\quickactionbtn\TC_406_PushOTA.java
D:\Automation\VIL-testautomation\src\test\java\com\vil\web\pages\QuickActionPage.java
D:\Automation\VIL-testautomation\src\test\java\com\vil\web\pages\SimulatorPage.java
D:\Automation\VIL-testautomation\src\test\java\com\vil\web\tests\postpaid\complaint\TC_073_BillingAndPaymentCompGSTPostp.java
D:\Automation\VIL-testautomation\src\test\java\com\vil\web\tests\postpaid\complaint\TC_112_BillingPaymentComplaintsPostpaid.java
D:\Automation\VIL-testautomation\src\test\java\com\vil\web\tests\postpaid\activation\Postpaid360DegreeVerification.java
D:\Automation\VIL-testautomation\src\test\java\com\vil\web\tests\postpaid\complaint\Test_Automation_082.java
D:\Automation\VIL-testautomation\src\test\java\com\vil\web\pages\CAFSearchResultPage.java
D:\Automation\VIL-testautomation\src\test\java\com\vil\web\tests\postpaid\complaint\Test_Automation_099.java
D:\Automation\VIL-testautomation\src\test\java\com\vil\web\tests\prepaid\activation\TC_003_PrepaidTvPending.java
D:\Automation\VIL-testautomation\src\test\java\com\vil\web\utils\WebElementWait.java
D:\Automation\VIL-testautomation\src\test\java\com\vil\web\tests\prepaid\complaint\TC_261_PrepaidBalanceAndCallEnquiry.java
D:\Automation\VIL-testautomation\src\test\java\com\vil\web\pages\SRActivitiesPage.java
D:\Automation\VIL-testautomation\src\test\java\com\vil\web\tests\postpaid\bulkupload\Test_Automation_243.java
D:\Automation\VIL-testautomation\src\test\java\com\vil\web\utils\ActionUtil.java
D:\Automation\VIL-testautomation\src\test\java\com\vil\web\tests\prepaid\enquiry\activation\TC_261_PrepaidBalanceAndRechargeEnquiry.java
D:\Automation\VIL-testautomation\src\test\java\com\vil\web\pages\_360DegreePage.java
D:\Automation\VIL-testautomation\src\test\java\com\vil\web\pages\ContactDetailsPage.java
D:\Automation\VIL-testautomation\src\test\java\com\vil\web\tests\postpaid\complaint\Test_Automation_086.java
D:\Automation\VIL-testautomation\src\test\java\com\vil\web\utils\TestDataHeadingsConstants.java
D:\Automation\VIL-testautomation\src\test\java\com\vil\web\tests\postpaid\bulkupload\Test_Automation_242.java
D:\Automation\VIL-testautomation\src\test\java\com\vil\web\tests\postpaid\lead\Test_Automation_230.java
D:\Automation\VIL-testautomation\src\test\java\com\vil\web\pages\BillingAccountsPage.java
D:\Automation\VIL-testautomation\src\test\java\com\vil\web\utils\DBUtil.java
D:\Automation\VIL-testautomation\src\test\java\com\vil\web\tests\postpaid\complaint\Test_Automation_080.java
D:\Automation\VIL-testautomation\src\test\java\com\vil\web\library\ExcelLibrary.java
D:\Automation\VIL-testautomation\src\test\java\com\vil\web\pages\BillingAccountPage.java
D:\Automation\VIL-testautomation\src\test\java\com\vil\web\tests\postpaid\complaint\TC_089_FailedInteractionsSystemMismatchPostp.java
D:\Automation\VIL-testautomation\src\test\java\com\vil\web\tests\postpaid\enquiry\activation\TC_020_PostpaidEnquiryActivation.java
D:\Automation\VIL-testautomation\src\test\java\com\vil\web\reports\ExtentManager.java
D:\Automation\VIL-testautomation\src\test\java\com\vil\web\pages\ViewBarPage.java
D:\Automation\VIL-testautomation\src\test\java\com\vil\web\tests\prepaid\activation\TC_002_PrepaidTvPending.java
D:\Automation\VIL-testautomation\src\test\java\com\vil\web\library\GenericLib.java
D:\Automation\VIL-testautomation\src\test\java\com\vil\web\pages\AddressViewPage.java
D:\Automation\VIL-testautomation\src\test\java\com\vil\web\tests\postpaid\addresschange\TC_060_ChangeAddress.java
D:\Automation\VIL-testautomation\src\test\java\com\vil\web\pages\ActivationsPage.java
D:\Automation\VIL-testautomation\src\test\java\com\vil\web\pages\MyLeadsPage.java
D:\Automation\VIL-testautomation\src\test\java\com\vil\web\tests\postpaid\enquiry\activation\TC_401_CallTypeEnquiryForBillingPostp.java
D:\Automation\VIL-testautomation\src\test\java\com\vil\web\tests\postpaid\complaint\TC_109_ServicesServiceissueComplaintsLegalPostpaid.java
D:\Automation\VIL-testautomation\src\test\java\com\vil\web\pages\AccountsPage.java
D:\Automation\VIL-testautomation\src\test\java\com\vil\web\tests\postpaid\complaint\TC_093_FailedInteractionSystemErrorOrDowntimePostp.java
D:\Automation\VIL-testautomation\src\test\java\com\vil\web\init\TriggerParallelXml.java
D:\Automation\VIL-testautomation\src\test\java\com\vil\web\tests\postpaid\complaint\TC_247_PcnAlertComplaintsPostpaidNo.java
D:\Automation\VIL-testautomation\src\test\java\com\vil\web\tests\postpaid\complaint\TC_087_ServiceDisconnectionVoluntaryChurnRelatedPostp.java
D:\Automation\VIL-testautomation\src\test\java\com\vil\web\tests\postpaid\complaint\Test_Automation_098.java
D:\Automation\VIL-testautomation\src\test\java\com\vil\web\tests\postpaid\complaint\Test_Automation_079.java
D:\Automation\VIL-testautomation\src\test\java\com\vil\web\tests\postpaid\complaint\Test_Automation_104.java
D:\Automation\VIL-testautomation\src\test\java\com\vil\web\tests\postpaid\activation\Test_Automation_001.java
D:\Automation\VIL-testautomation\src\test\java\com\vil\web\tests\postpaid\complaint\Test_Automation_076.java
D:\Automation\VIL-testautomation\src\test\java\com\vil\web\tests\postpaid\lead\Test_Automation_229.java
D:\Automation\VIL-testautomation\src\test\java\com\vil\web\pages\BillingAccountAddressesPage.java
D:\Automation\VIL-testautomation\src\test\java\com\vil\web\tests\prepaid\enquiry\activation\TC_021_PrepaidEnquiryActivation.java
D:\Automation\VIL-testautomation\src\test\java\com\vil\web\tests\postpaid\complaint\Test_Automation_075.java
D:\Automation\VIL-testautomation\src\test\java\com\vil\web\pages\DFFPage.java
D:\Automation\VIL-testautomation\src\test\java\com\vil\web\tests\postpaid\activation\TC_203_PostpaidCustomerCreationData.java
D:\Automation\VIL-testautomation\src\test\java\com\vil\web\pages\BulkUploadPage.java
D:\Automation\VIL-testautomation\src\test\java\com\vil\web\tests\prepaid\hbo\TC_052_HBOPrepActivation.java
D:\Automation\VIL-testautomation\src\test\java\com\vil\web\pages\ContactPage.java
D:\Automation\VIL-testautomation\src\test\java\com\vil\web\tests\postpaid\complaint\TC_095_ServiceissueCustomerFeedbackComplaintsPostpaid.java
D:\Automation\VIL-testautomation\src\test\java\com\vil\web\tests\postpaid\complaint\TC_401_BalanceAndRechargeComplaint.java
D:\Automation\VIL-testautomation\src\test\java\com\vil\web\tests\prepaid\quickactionbtn\TC_066_FlashDea.java
D:\Automation\VIL-testautomation\src\test\java\com\vil\web\pages\PostpaidPage.java
D:\Automation\VIL-testautomation\src\test\java\com\vil\web\tests\postpaid\complaint\TC_074_BillingAndPaymentWaiversAndAdjustmentsPostp.java
D:\Automation\VIL-testautomation\src\test\java\com\vil\web\tests\postpaid\complaint\TC_096_FailedInteractionsSelfHelpErrorOrAccessPostP.java
D:\Automation\VIL-testautomation\src\test\java\com\vil\web\tests\prepaid\complaint\Test_Automation_084.java
D:\Automation\VIL-testautomation\src\test\java\com\vil\web\pages\QuickActionButtonsPage.java
D:\Automation\VIL-testautomation\src\test\java\com\vil\web\tests\postpaid\complaint\TC_063_NetworkComplaintPostpaid.java
D:\Automation\VIL-testautomation\src\test\java\com\vil\web\pages\QueuePage.java
D:\Automation\VIL-testautomation\src\test\java\com\vil\web\pages\SubscriptionsSearchPage.java
D:\Automation\VIL-testautomation\src\test\java\com\vil\web\tests\prepaid\quickactionbtn\TC_067_SimLost.java
D:\Automation\VIL-testautomation\src\test\java\com\vil\web\tests\postpaid\hbo\TC_097_HBOPostpActivation.java
D:\Automation\VIL-testautomation\src\test\java\com\vil\web\tests\postpaid\complaint\TC_072_BillingAndPaymentComplaintPostpaid.java
D:\Automation\VIL-testautomation\src\test\java\com\vil\web\pages\BinocularsSearchPage.java
D:\Automation\VIL-testautomation\src\test\java\com\vil\web\tests\prepaid\complaint\TC_047_AlternatePrepaidNumber.java
D:\Automation\VIL-testautomation\src\test\java\com\vil\web\init\TriggerSequentialXml.java
D:\Automation\VIL-testautomation\src\test\java\com\vil\web\tests\postpaid\complaint\TC_069_BillingAndPaymentCompPostpforDepositIssue.java
D:\Automation\VIL-testautomation\src\test\java\com\vil\web\pages\SubComponentPage.java
D:\Automation\VIL-testautomation\src\test\java\com\vil\web\tests\postpaid\complaint\Test_Automation_100.java
D:\Automation\VIL-testautomation\src\test\java\com\vil\web\pages\OpportunitiesListPage.java
D:\Automation\VIL-testautomation\src\test\java\com\vil\web\init\GenerateXmlFile.java
D:\Automation\VIL-testautomation\src\test\java\com\vil\web\tests\prepaid\activation\TC_071_PrepaidCustomerCreationData.java
D:\Automation\VIL-testautomation\src\test\java\com\vil\web\pages\OrderPage.java
D:\Automation\VIL-testautomation\src\test\java\com\vil\web\utils\ServerXmlUpdation.java
D:\Automation\VIL-testautomation\src\test\java\com\vil\web\tests\postpaid\complaint\Test_Automation_078.java
D:\Automation\VIL-testautomation\src\test\java\com\vil\web\tests\postpaid\lead\Test_Automation_227.java
D:\Automation\VIL-testautomation\src\test\java\com\vil\web\pages\TaggingInteractionPage.java
D:\Automation\VIL-testautomation\src\test\java\com\vil\web\init\GenerateSuiteFile.java
D:\Automation\VIL-testautomation\src\test\java\com\vil\web\pages\SalesOrderPage.java
D:\Automation\VIL-testautomation\src\test\java\com\vil\web\tests\binocularsearch\Test_Automation_246.java
D:\Automation\VIL-testautomation\src\test\java\com\vil\web\tests\postpaid\complaint\Test_Automation_077.java
D:\Automation\VIL-testautomation\src\test\java\com\vil\web\tests\postpaid\lead\Test_Automation_228.java
D:\Automation\VIL-testautomation\src\test\java\com\vil\web\pages\AssetsPage.java
D:\Automation\VIL-testautomation\src\test\java\com\vil\web\utils\UpdateXml.java
D:\Automation\VIL-testautomation\src\test\java\com\vil\web\tests\postpaid\complaint\TC_091_SimReactivationComplaintsPostpaid.java
D:\Automation\VIL-testautomation\src\test\java\com\vil\web\tests\postpaid\complaint\TC_065_NetworkComplaintBOUser.java
D:\Automation\VIL-testautomation\src\test\java\com\vil\web\tests\postpaid\complaint\TC_092_DeviceRelatedComplaintsPostpaid.java
D:\Automation\VIL-testautomation\src\test\java\com\vil\web\pages\LoginPage.java
D:\Automation\VIL-testautomation\src\test\java\com\vil\web\tests\prepaid\complaint\TC_111_BalanceRechargeSegmentedComplaintsPrepaid.java
D:\Automation\VIL-testautomation\src\test\java\com\vil\web\tests\postpaid\bulkupload\Test_Automation_241.java
D:\Automation\VIL-testautomation\src\test\java\com\vil\web\tests\postpaid\complaint\TC_113_BillingPaymentUpdateComplaintsPostpaid.java
D:\Automation\VIL-testautomation\src\test\java\com\vil\web\tests\prepaid\complaint\TC_110_BalanceRechargeComplaintsPrepaid.java
D:\Automation\VIL-testautomation\src\test\java\com\vil\web\tests\prepaid\complaint\TC_272_NetworkComplaintPrepaid.java
D:\Automation\VIL-testautomation\src\test\java\com\vil\web\tests\postpaid\complaint\TC_097_PcnAlertComplaintsPostpaidYes.java
D:\Automation\VIL-testautomation\src\test\java\com\vil\web\tests\migration\Test_Automation_009.java
D:\Automation\VIL-testautomation\src\test\java\com\vil\web\library\BaseLib.java
D:\Automation\VIL-testautomation\src\test\java\com\vil\web\utils\Sample.java
D:\Automation\VIL-testautomation\src\test\java\com\vil\web\tests\prepaid\complaint\Test_Automation_085.java
D:\Automation\VIL-testautomation\src\test\java\com\vil\web\pages\ServiceRequestPage.java
D:\Automation\VIL-testautomation\src\test\java\com\vil\web\tests\postpaid\complaint\TC_404_BalanceAndRechargeComplaintFC.java
D:\Automation\VIL-testautomation\src\test\java\com\vil\web\pages\PushSMSPage.java
D:\Automation\VIL-testautomation\src\test\java\com\vil\web\tests\postpaid\lead\Test_Automation_231.java
D:\Automation\VIL-testautomation\src\test\java\com\vil\web\reports\MyExtentListners.java
D:\Automation\VIL-testautomation\src\test\java\com\vil\web\library\FunctionLib.java
D:\Automation\VIL-testautomation\src\test\java\com\vil\web\tests\prepaid\quickactionbtn\TC_064_PushSms.java
D:\Automation\VIL-testautomation\src\test\java\com\vil\web\tests\postpaid\addresschange\TC_059_BillingAdressChange.java
D:\Automation\VIL-testautomation\src\test\java\com\vil\web\tests\migration\Test_Automation_010.java
D:\Automation\VIL-testautomation\src\test\java\com\vil\web\tests\postpaid\complaint\Test_Automation_081.java
D:\Automation\VIL-testautomation\src\test\java\com\vil\web\tests\postpaid\complaint\TC_402_BalanceAndRechargeComplaintBO.java
D:\Automation\VIL-testautomation\src\test\java\com\vil\web\tests\postpaid\complaint\TC_403_BalanceAndRechargeComplaintFLA.java
D:\Automation\VIL-testautomation\src\test\java\com\vil\web\reports\ExcelListener.java
D:\Automation\VIL-testautomation\src\test\java\com\vil\web\tests\postpaid\activation\TC_004_PostpaidTvPending.java
D:\Automation\VIL-testautomation\src\test\java\com\vil\web\tests\postpaid\deactivation\TC_067_OfferDeactivationDND.java
D:\Automation\VIL-testautomation\src\test\java\com\vil\web\tests\prepaid\complaint\TC_033_RaiseSRSafeCustody.java
D:\Automation\VIL-testautomation\src\test\java\com\vil\web\tests\postpaid\complaint\TC_066_NetworkComplaintFLAUser.java
D:\Automation\VIL-testautomation\src\test\java\com\vil\web\init\InitializePages.java
